
Usage:	docker diff [OPTIONS] CONTAINER

Inspect changes on a container's filesystem

  --help             Print usage
