
Usage:	docker events [OPTIONS]

Get real time events from the server

  -f, --filter=[]    Filter output based on conditions provided
  --help             Print usage
  --since            Show all events created since timestamp
  --until            Stream events until this timestamp
