
Usage:	docker history [OPTIONS] IMAGE

Show the history of an image

  -H, --human=true    Print sizes and dates in human readable format
  --help              Print usage
  --no-trunc          Don't truncate output
  -q, --quiet         Only show numeric IDs
