
Usage:	docker info [OPTIONS]

Display system-wide information

  --help             Print usage
