
Usage:	docker inspect [OPTIONS] CONTAINER|IMAGE [CONTAINER|IMAGE...]

Return low-level information on a container or image

  -f, --format       Format the output using the given go template
  --help             Print usage
  -s, --size         Display total file sizes if the type is container
  --type             Return JSON for specified type, (e.g image or container)
