
Usage:	docker kill [OPTIONS] CONTAINER [CONTAINER...]

Kill a running container

  --help               Print usage
  -s, --signal=KILL    Signal to send to the container
