
Usage:	docker load [OPTIONS]

Load an image from a tar archive or STDIN

  --help             Print usage
  -i, --input        Read from a tar archive file, instead of STDIN
