
Usage:	docker logs [OPTIONS] CONTAINER

Fetch the logs of a container

  -f, --follow        Follow log output
  --help              Print usage
  --since             Show logs since timestamp
  -t, --timestamps    Show timestamps
  --tail=all          Number of lines to show from the end of the logs
