
Usage:	docker network [OPTIONS] COMMAND [OPTIONS]

Commands:
  connect                  Connect container to a network
  disconnect               Disconnect container from a network
  inspect                  Display detailed network information
  ls                       List all networks
  rm                       Remove a network
  create                   Create a network

Run 'docker network COMMAND --help' for more information on a command.

  --help             Print usage
