
Usage:	docker port [OPTIONS] CONTAINER [PRIVATE_PORT[/PROTO]]

List port mappings or a specific mapping for the CONTAINER

  --help             Print usage
