
Usage:	docker ps [OPTIONS]

List containers

  -a, --all          Show all containers (default shows just running)
  -f, --filter=[]    Filter output based on conditions provided
  --format           Pretty-print containers using a Go template
  --help             Print usage
  -l, --latest       Show the latest created container (includes all states)
  -n=-1              Show n last created containers (includes all states)
  --no-trunc         Don't truncate output
  -q, --quiet        Only display numeric IDs
  -s, --size         Display total file sizes
