
Usage:	docker pull [OPTIONS] NAME[:TAG|@DIGEST]

Pull an image or a repository from a registry

  -a, --all-tags                  Download all tagged images in the repository
  --disable-content-trust=true    Skip image verification
  --help                          Print usage
