
Usage:	docker rename [OPTIONS] OLD_NAME NEW_NAME

Rename a container

  --help             Print usage
