
Usage:	docker restart [OPTIONS] CONTAINER [CONTAINER...]

Restart a container

  --help             Print usage
  -t, --time=10      Seconds to wait for stop before killing the container
