
Usage:	docker rm [OPTIONS] CONTAINER [CONTAINER...]

Remove one or more containers

  -f, --force        Force the removal of a running container (uses SIGKILL)
  --help             Print usage
  -l, --link         Remove the specified link
  -v, --volumes      Remove the volumes associated with the container
