
Usage:	docker save [OPTIONS] IMAGE [IMAGE...]

Save an image(s) to a tar archive (streamed to STDOUT by default)

  --help             Print usage
  -o, --output       Write to a file, instead of STDOUT
