
Usage:	docker search [OPTIONS] TERM

Search the Docker Hub for images

  --automated        Only show automated builds
  --help             Print usage
  --no-trunc         Don't truncate output
  -s, --stars        Only displays with at least x stars
