
Usage:	docker start [OPTIONS] CONTAINER [CONTAINER...]

Start one or more stopped containers

  -a, --attach         Attach STDOUT/STDERR and forward signals
  --detach-keys        Override the key sequence for detaching a container
  --help               Print usage
  -i, --interactive    Attach container's STDIN
