
Usage:	docker stats [OPTIONS] [CONTAINER...]

Display a live stream of container(s) resource usage statistics

  -a, --all          Show all containers (default shows just running)
  --help             Print usage
  --no-stream        Disable streaming stats and only pull the first result
