
Usage:	docker tag [OPTIONS] IMAGE[:TAG] [REGISTRYHOST/][USERNAME/]NAME[:TAG]

Tag an image into a repository

  --help             Print usage
