
Usage:	docker top [OPTIONS] CONTAINER [ps OPTIONS]

Display the running processes of a container

  --help             Print usage
