
Usage:	docker volume [OPTIONS] [COMMAND]

Manage Docker volumes

Commands:
  create                   Create a volume
  inspect                  Return low-level information on a volume
  ls                       List volumes
  rm                       Remove a volume

Run 'docker volume COMMAND --help' for more information on a command

  --help             Print usage
