
Usage:	docker wait [OPTIONS] CONTAINER [CONTAINER...]

Block until a container stops, then print its exit code

  --help             Print usage
